INFO:root:This is my first logging file
INFO:root:This is my first logging file
INFO:root:This is my first logging file
INFO:root:This is my first logging file
INFO:root:This is my first logging file
INFO:root:This is my first logging file
INFO:root:3
INFO:root:This is my first logging file
INFO:root:This is my first logging file
INFO:root:3
INFO:root:This is my first logging file
INFO:root:4
INFO:root:This is my first logging file
INFO:root:[1, 2, 3, 4, 5, 6, 7, 8]
INFO:root:This is my first logging file
INFO:root:[1, 2, 3, 4, 5, 6, 7, 8]
WARNING:root:This is a warning message to warn you that something is wrong
INFO:root:This is my first logging file
INFO:root:[1, 2, 3, 4, 5, 6, 7, 8]
WARNING:root:This is a warning message to warn you that something is wrong
ERROR:root:There is an error occured please check your code
INFO:root:This is my first logging file
INFO:root:[1, 2, 3, 4, 5, 6, 7, 8]
WARNING:root:This is a warning message to warn you that something is wrong
ERROR:root:There is an error occured please check your code
CRITICAL:root:There is a critical error please checj the code
INFO:root:This is my first logging file
INFO:root:[1, 2, 3, 4, 5, 6, 7, 8]
WARNING:root:This is a warning message to warn you that something is wrong
ERROR:root:There is an error occured please check your code
CRITICAL:root:There is a critical error please checj the code
WARNING:root:This is a deprecated file your system is blocking it please continue to allow
INFO:root:This is my first logging file
INFO:root:[1, 2, 3, 4, 5, 6, 7, 8]
CRITICAL:root:We have stored what you gave please check once and then proceed
INFO:root:This is my first logging file
INFO:root:[1, 2, 3, 4, 5, 6, 7, 8]
CRITICAL:root:We have stored what you gave please check once and then proceed
INFO:root:So logging is nothing but at the end of the day we are just trying to store the messge 
INFO:root:This is my first logging file
INFO:root:[1, 2, 3, 4, 5, 6, 7, 8]
CRITICAL:root:We have stored what you gave please check once and then proceed
INFO:root:So logging is nothing but at the end of the day we are just trying to store the messge 
